1f210acfe672
 INFO - ::group::Log message source details
*** Found local files:
***   * /opt/airflow/logs/dag_id=dss150p_sales_pipeline/run_id=manual__2026-09-25T05:30:22+00:00/task_id=extract/attempt=1.log
 INFO - ::endgroup::
[2026-09-25T05:30:59.884+0000] {local_task_job_runner.py:123} INFO - ::group::Pre task execution logs
[2026-09-25T05:30:59.983+0000] {taskinstance.py:2614} INFO - Dependencies all met for dep_context=non-requeueable deps ti=<TaskInstance: dss150p_sales_pipeline.extract manual__2026-09-25T05:30:22+00:00 [queued]>
[2026-09-25T05:31:00.023+0000] {taskinstance.py:2614} INFO - Dependencies all met for dep_context=requeueable deps ti=<TaskInstance: dss150p_sales_pipeline.extract manual__2026-09-25T05:30:22+00:00 [queued]>
[2026-09-25T05:31:00.043+0000] {taskinstance.py:2867} INFO - Starting attempt 1 of 3
[2026-09-25T05:31:00.186+0000] {taskinstance.py:2890} INFO - Executing <Task(BashOperator): extract> on 2026-09-25 05:30:22+00:00
[2026-09-25T05:31:00.207+0000] {standard_task_runner.py:72} INFO - Started process 9345 to run task
[2026-09-25T05:31:00.217+0000] {standard_task_runner.py:104} INFO - Running: ['airflow', 'tasks', 'run', 'dss150p_sales_pipeline', 'extract', 'manual__2026-09-25T05:30:22+00:00', '--job-id', '30', '--raw', '--subdir', 'DAGS_FOLDER/dss150p_pipeline.py', '--cfg-path', '/tmp/tmpbqt_rtpa']
[2026-09-25T05:31:00.226+0000] {standard_task_runner.py:105} INFO - Job 30: Subtask extract
[2026-09-25T05:31:00.395+0000] {task_command.py:467} INFO - Running <TaskInstance: dss150p_sales_pipeline.extract manual__2026-09-25T05:30:22+00:00 [running]> on host 1f210acfe672
[2026-09-25T05:31:00.648+0000] {taskinstance.py:3134} INFO - Exporting env vars: AIRFLOW_CTX_DAG_OWNER='dss150p' AIRFLOW_CTX_DAG_ID='dss150p_sales_pipeline' AIRFLOW_CTX_TASK_ID='extract' AIRFLOW_CTX_EXECUTION_DATE='2026-09-25T05:30:22+00:00' AIRFLOW_CTX_TRY_NUMBER='1' AIRFLOW_CTX_DAG_RUN_ID='manual__2026-09-25T05:30:22+00:00'
[2026-09-25T05:31:00.652+0000] {taskinstance.py:732} INFO - ::endgroup::
[2026-09-25T05:31:00.707+0000] {subprocess.py:78} INFO - Tmp dir root location: /tmp
[2026-09-25T05:31:00.713+0000] {subprocess.py:88} INFO - Running command: ['/usr/bin/bash', '-c', 'cd /opt/airflow/project && PIPELINE_RUN_ID="manual__2026-09-25T05:30:22+00:00" python -m src.cli extract']
[2026-09-25T05:31:00.735+0000] {subprocess.py:99} INFO - Output:
[2026-09-25T05:31:04.190+0000] {subprocess.py:106} INFO - 2026-09-25T05:31:04Z INFO stage.extract: START run_id=manual__2026-09-25T05:30:22+00:00
[2026-09-25T05:31:04.620+0000] {subprocess.py:106} INFO - 2026-09-25T05:31:04Z INFO src.stages: raw snapshot: /opt/airflow/project/data/raw/run_id=manual__2026-09-25T05-30-22-00-00
[2026-09-25T05:31:04.623+0000] {subprocess.py:106} INFO - 2026-09-25T05:31:04Z INFO stage.extract: DONE run_id=manual__2026-09-25T05:30:22+00:00 in 0.43s
[2026-09-25T05:31:05.013+0000] {subprocess.py:110} INFO - Command exited with return code 0
[2026-09-25T05:31:05.114+0000] {taskinstance.py:341} INFO - ::group::Post task execution logs
[2026-09-25T05:31:05.120+0000] {taskinstance.py:353} INFO - Marking task as SUCCESS. dag_id=dss150p_sales_pipeline, task_id=extract, run_id=manual__2026-09-25T05:30:22+00:00, execution_date=20260925T053022, start_date=20260925T053059, end_date=20260925T053105
[2026-09-25T05:31:05.242+0000] {local_task_job_runner.py:266} INFO - Task exited with return code 0
[2026-09-25T05:31:05.328+0000] {taskinstance.py:3901} INFO - 1 downstream tasks scheduled from follow-on schedule check
[2026-09-25T05:31:05.339+0000] {local_task_job_runner.py:245} INFO - ::endgroup::
